###############################################################################
#
# IAR ELF Linker V8.50.4.261/W32 for ARM                  24/Jun/2020  14:03:19
# Copyright 2007-2020 IAR Systems AB.
#
#    Output file  =
#        D:\PKNU2020\StudyAVRFirmware\ARM\ADC_CDS\EWARM\ADC_CDS\Exe\ADC_CDS.out
#    Map file     =
#        D:\PKNU2020\StudyAVRFirmware\ARM\ADC_CDS\EWARM\ADC_CDS\List\ADC_CDS.map
#    Command line =
#        -f C:\Users\PKNU\AppData\Local\Temp\EW8CAB.tmp
#        (D:\PKNU2020\StudyAVRFirmware\ARM\ADC_CDS\EWARM\ADC_CDS\Obj\adc.o
#        D:\PKNU2020\StudyAVRFirmware\ARM\ADC_CDS\EWARM\ADC_CDS\Obj\gpio.o
#        D:\PKNU2020\StudyAVRFirmware\ARM\ADC_CDS\EWARM\ADC_CDS\Obj\lcd.o
#        D:\PKNU2020\StudyAVRFirmware\ARM\ADC_CDS\EWARM\ADC_CDS\Obj\main.o
#        D:\PKNU2020\StudyAVRFirmware\ARM\ADC_CDS\EWARM\ADC_CDS\Obj\startup_stm32f405xx.o
#        D:\PKNU2020\StudyAVRFirmware\ARM\ADC_CDS\EWARM\ADC_CDS\Obj\stm32f4xx_hal.o
#        D:\PKNU2020\StudyAVRFirmware\ARM\ADC_CDS\EWARM\ADC_CDS\Obj\stm32f4xx_hal_adc.o
#        D:\PKNU2020\StudyAVRFirmware\ARM\ADC_CDS\EWARM\ADC_CDS\Obj\stm32f4xx_hal_adc_ex.o
#        D:\PKNU2020\StudyAVRFirmware\ARM\ADC_CDS\EWARM\ADC_CDS\Obj\stm32f4xx_hal_cortex.o
#        D:\PKNU2020\StudyAVRFirmware\ARM\ADC_CDS\EWARM\ADC_CDS\Obj\stm32f4xx_hal_dma.o
#        D:\PKNU2020\StudyAVRFirmware\ARM\ADC_CDS\EWARM\ADC_CDS\Obj\stm32f4xx_hal_dma_ex.o
#        D:\PKNU2020\StudyAVRFirmware\ARM\ADC_CDS\EWARM\ADC_CDS\Obj\stm32f4xx_hal_exti.o
#        D:\PKNU2020\StudyAVRFirmware\ARM\ADC_CDS\EWARM\ADC_CDS\Obj\stm32f4xx_hal_flash.o
#        D:\PKNU2020\StudyAVRFirmware\ARM\ADC_CDS\EWARM\ADC_CDS\Obj\stm32f4xx_hal_flash_ex.o
#        D:\PKNU2020\StudyAVRFirmware\ARM\ADC_CDS\EWARM\ADC_CDS\Obj\stm32f4xx_hal_flash_ramfunc.o
#        D:\PKNU2020\StudyAVRFirmware\ARM\ADC_CDS\EWARM\ADC_CDS\Obj\stm32f4xx_hal_gpio.o
#        D:\PKNU2020\StudyAVRFirmware\ARM\ADC_CDS\EWARM\ADC_CDS\Obj\stm32f4xx_hal_msp.o
#        D:\PKNU2020\StudyAVRFirmware\ARM\ADC_CDS\EWARM\ADC_CDS\Obj\stm32f4xx_hal_pwr.o
#        D:\PKNU2020\StudyAVRFirmware\ARM\ADC_CDS\EWARM\ADC_CDS\Obj\stm32f4xx_hal_pwr_ex.o
#        D:\PKNU2020\StudyAVRFirmware\ARM\ADC_CDS\EWARM\ADC_CDS\Obj\stm32f4xx_hal_rcc.o
#        D:\PKNU2020\StudyAVRFirmware\ARM\ADC_CDS\EWARM\ADC_CDS\Obj\stm32f4xx_hal_rcc_ex.o
#        D:\PKNU2020\StudyAVRFirmware\ARM\ADC_CDS\EWARM\ADC_CDS\Obj\stm32f4xx_hal_tim.o
#        D:\PKNU2020\StudyAVRFirmware\ARM\ADC_CDS\EWARM\ADC_CDS\Obj\stm32f4xx_hal_tim_ex.o
#        D:\PKNU2020\StudyAVRFirmware\ARM\ADC_CDS\EWARM\ADC_CDS\Obj\stm32f4xx_it.o
#        D:\PKNU2020\StudyAVRFirmware\ARM\ADC_CDS\EWARM\ADC_CDS\Obj\system_stm32f4xx.o
#        --redirect _Printf=_PrintfFull --redirect _Scanf=_ScanfFull
#        --no_out_extension -o
#        D:\PKNU2020\StudyAVRFirmware\ARM\ADC_CDS\EWARM\ADC_CDS\Exe\ADC_CDS.out
#        --map
#        D:\PKNU2020\StudyAVRFirmware\ARM\ADC_CDS\EWARM\ADC_CDS\List\ADC_CDS.map
#        --config
#        D:\PKNU2020\StudyAVRFirmware\ARM\ADC_CDS\EWARM/stm32f405xx_flash.icf
#        --semihosting --entry __iar_program_start --vfe --text_out locale)
#
###############################################################################

*******************************************************************************
*** RUNTIME MODEL ATTRIBUTES
***

CppFlavor       = *
__SystemLibrary = DLib
__dlib_version  = 6


*******************************************************************************
*** HEAP SELECTION
***

The basic heap was selected because some modules are built with
size limitations (and not runtime checking), and --advanced_heap
was not specified.


*******************************************************************************
*** PLACEMENT SUMMARY
***

"A0":  place at address 0x800'0000 { ro section .intvec };
"P1":  place in [from 0x800'0000 to 0x80f'ffff] { ro };
define block CSTACK with size = 1K, alignment = 8 { };
define block HEAP with size = 512, alignment = 8 { };
"P2":  place in [from 0x2000'0000 to 0x2001'ffff] {
          rw, block CSTACK, block HEAP };
initialize by copy { rw };

  Section            Kind         Address    Size  Object
  -------            ----         -------    ----  ------
"A0":                                       0x188
  .intvec            ro code   0x800'0000   0x188  startup_stm32f405xx.o [1]
                             - 0x800'0188   0x188

"P1":                                      0x1651
  .text              ro code   0x800'0188   0x490  stm32f4xx_hal_adc.o [1]
  .text              ro code   0x800'0618    0xcc  adc.o [1]
  .text              ro code   0x800'06e4     0xc  stm32f4xx_hal.o [1]
  .text              ro code   0x800'06f0    0x14  memset.o [4]
  .text              ro code   0x800'0704   0x160  main.o [1]
  .text              ro code   0x800'0864   0x1e4  stm32f4xx_hal_gpio.o [1]
  .text              ro code   0x800'0a48    0x66  ABImemset.o [4]
  .text              ro code   0x800'0ab0    0x34  stm32f4xx_hal.o [1]
  .text              ro code   0x800'0ae4    0xb4  gpio.o [1]
  .text              ro code   0x800'0b98   0x2ca  lcd.o [1]
  .text              ro code   0x800'0e64    0x28  stm32f4xx_hal.o [1]
  .text              ro code   0x800'0e8c   0x310  stm32f4xx_hal_rcc.o [1]
  .text              ro code   0x800'119c   0x180  stm32f4xx_hal_rcc.o [1]
  .text              ro code   0x800'131c    0xac  stm32f4xx_hal_cortex.o [1]
  .text              ro code   0x800'13c8    0x40  stm32f4xx_hal.o [1]
  .text              ro code   0x800'1408    0x38  stm32f4xx_hal_msp.o [1]
  .text              ro code   0x800'1440   0x106  I64DivMod_small.o [4]
  .text              ro code   0x800'1548     0x2  I64DivZer.o [4]
  .text              ro code   0x800'154a    0x38  packbits_init_single.o [4]
  .text              ro code   0x800'1584    0x2c  system_stm32f4xx.o [1]
  .text              ro code   0x800'15b0    0x28  data_init.o [4]
  .text              ro code   0x800'15d8    0x22  fpinit_M.o [3]
  .iar.init_table    const     0x800'15fc    0x10  - Linker created -
  .text              ro code   0x800'160c    0x1e  cmain.o [4]
  .text              ro code   0x800'162a     0x4  low_level_init.o [2]
  .text              ro code   0x800'162e     0x4  exit.o [2]
  .text              ro code   0x800'1634     0xa  cexit.o [4]
  .text              ro code   0x800'1640    0x14  exit.o [5]
  .text              ro code   0x800'1654    0x14  stm32f4xx_it.o [1]
  .text              ro code   0x800'1668    0x10  stm32f4xx_hal.o [1]
  .text              ro code   0x800'1678    0x10  startup_stm32f405xx.o [1]
  .text              ro code   0x800'1688     0xc  cstartup_M.o [4]
  .text              ro code   0x800'1694     0x4  startup_stm32f405xx.o [1]
  .text              ro code   0x800'1698     0x4  startup_stm32f405xx.o [1]
  .text              ro code   0x800'169c     0x4  startup_stm32f405xx.o [1]
  .text              ro code   0x800'16a0     0x4  startup_stm32f405xx.o [1]
  .text              ro code   0x800'16a4     0x4  startup_stm32f405xx.o [1]
  .text              ro code   0x800'16a8     0x4  startup_stm32f405xx.o [1]
  .text              ro code   0x800'16ac     0x4  startup_stm32f405xx.o [1]
  .text              ro code   0x800'16b0     0x4  startup_stm32f405xx.o [1]
  .text              ro code   0x800'16b4     0x4  startup_stm32f405xx.o [1]
  .text              ro code   0x800'16b8     0x4  startup_stm32f405xx.o [1]
  .text              ro code   0x800'16bc     0x4  startup_stm32f405xx.o [1]
  .text              ro code   0x800'16c0     0x4  startup_stm32f405xx.o [1]
  .text              ro code   0x800'16c4     0x4  startup_stm32f405xx.o [1]
  .text              ro code   0x800'16c8     0x4  startup_stm32f405xx.o [1]
  .text              ro code   0x800'16cc     0x4  startup_stm32f405xx.o [1]
  .text              ro code   0x800'16d0     0x4  startup_stm32f405xx.o [1]
  .text              ro code   0x800'16d4     0x4  startup_stm32f405xx.o [1]
  .text              ro code   0x800'16d8     0x4  startup_stm32f405xx.o [1]
  .text              ro code   0x800'16dc     0x4  startup_stm32f405xx.o [1]
  .text              ro code   0x800'16e0     0x4  startup_stm32f405xx.o [1]
  .text              ro code   0x800'16e4     0x4  startup_stm32f405xx.o [1]
  .text              ro code   0x800'16e8     0x4  startup_stm32f405xx.o [1]
  .text              ro code   0x800'16ec     0x4  startup_stm32f405xx.o [1]
  .text              ro code   0x800'16f0     0x4  startup_stm32f405xx.o [1]
  .text              ro code   0x800'16f4     0x4  startup_stm32f405xx.o [1]
  .text              ro code   0x800'16f8     0x4  startup_stm32f405xx.o [1]
  .text              ro code   0x800'16fc     0x4  startup_stm32f405xx.o [1]
  .text              ro code   0x800'1700     0x4  startup_stm32f405xx.o [1]
  .text              ro code   0x800'1704     0x4  startup_stm32f405xx.o [1]
  .text              ro code   0x800'1708     0x4  startup_stm32f405xx.o [1]
  .text              ro code   0x800'170c     0x4  startup_stm32f405xx.o [1]
  .text              ro code   0x800'1710     0x4  startup_stm32f405xx.o [1]
  .text              ro code   0x800'1714     0x4  startup_stm32f405xx.o [1]
  .text              ro code   0x800'1718     0x4  startup_stm32f405xx.o [1]
  .text              ro code   0x800'171c     0x4  startup_stm32f405xx.o [1]
  .text              ro code   0x800'1720     0x4  startup_stm32f405xx.o [1]
  .text              ro code   0x800'1724     0x4  startup_stm32f405xx.o [1]
  .text              ro code   0x800'1728     0x4  startup_stm32f405xx.o [1]
  .text              ro code   0x800'172c     0x4  startup_stm32f405xx.o [1]
  .text              ro code   0x800'1730     0x4  startup_stm32f405xx.o [1]
  .text              ro code   0x800'1734     0x4  startup_stm32f405xx.o [1]
  .text              ro code   0x800'1738     0x4  startup_stm32f405xx.o [1]
  .text              ro code   0x800'173c     0x4  startup_stm32f405xx.o [1]
  .text              ro code   0x800'1740     0x4  startup_stm32f405xx.o [1]
  .text              ro code   0x800'1744     0x4  startup_stm32f405xx.o [1]
  .text              ro code   0x800'1748     0x4  startup_stm32f405xx.o [1]
  .text              ro code   0x800'174c     0x4  startup_stm32f405xx.o [1]
  .text              ro code   0x800'1750     0x4  startup_stm32f405xx.o [1]
  .text              ro code   0x800'1754     0x4  startup_stm32f405xx.o [1]
  .text              ro code   0x800'1758     0x4  startup_stm32f405xx.o [1]
  .text              ro code   0x800'175c     0x4  startup_stm32f405xx.o [1]
  .text              ro code   0x800'1760     0x4  startup_stm32f405xx.o [1]
  .text              ro code   0x800'1764     0x4  startup_stm32f405xx.o [1]
  .text              ro code   0x800'1768     0x4  startup_stm32f405xx.o [1]
  .text              ro code   0x800'176c     0x4  startup_stm32f405xx.o [1]
  .text              ro code   0x800'1770     0x4  startup_stm32f405xx.o [1]
  .text              ro code   0x800'1774     0x4  startup_stm32f405xx.o [1]
  .text              ro code   0x800'1778     0x4  startup_stm32f405xx.o [1]
  .text              ro code   0x800'177c     0x4  startup_stm32f405xx.o [1]
  .text              ro code   0x800'1780     0x4  startup_stm32f405xx.o [1]
  .text              ro code   0x800'1784     0x4  startup_stm32f405xx.o [1]
  .text              ro code   0x800'1788     0x4  startup_stm32f405xx.o [1]
  .text              ro code   0x800'178c     0x4  startup_stm32f405xx.o [1]
  .text              ro code   0x800'1790     0x4  startup_stm32f405xx.o [1]
  .text              ro code   0x800'1794     0x4  startup_stm32f405xx.o [1]
  .text              ro code   0x800'1798     0x4  startup_stm32f405xx.o [1]
  .text              ro code   0x800'179c     0x4  startup_stm32f405xx.o [1]
  .text              ro code   0x800'17a0     0x4  startup_stm32f405xx.o [1]
  .text              ro code   0x800'17a4     0x4  startup_stm32f405xx.o [1]
  .text              ro code   0x800'17a8     0x4  startup_stm32f405xx.o [1]
  .text              ro code   0x800'17ac     0x4  startup_stm32f405xx.o [1]
  .text              ro code   0x800'17b0     0x4  startup_stm32f405xx.o [1]
  .text              ro code   0x800'17b4     0x4  startup_stm32f405xx.o [1]
  .text              ro code   0x800'17b8     0x4  startup_stm32f405xx.o [1]
  .text              ro code   0x800'17bc     0x4  startup_stm32f405xx.o [1]
  .text              ro code   0x800'17c0     0x4  startup_stm32f405xx.o [1]
  .text              ro code   0x800'17c4     0x4  startup_stm32f405xx.o [1]
  .text              ro code   0x800'17c8     0x4  startup_stm32f405xx.o [1]
  .rodata            const     0x800'17cc     0x0  packbits_init_single.o [4]
  Initializer bytes  const     0x800'17cc     0xd  <for P2-1>
                             - 0x800'17d9  0x1651

"P2", part 1 of 2:                           0x58
  P2-1                        0x2000'0000    0x58  <Init block>
    .data            inited   0x2000'0000     0xc  stm32f4xx_hal.o [1]
    .data            inited   0x2000'000c     0x4  system_stm32f4xx.o [1]
    .bss             inited   0x2000'0010    0x48  adc.o [1]
                            - 0x2000'0058    0x58

"P2", part 2 of 2:                          0x400
  CSTACK                      0x2000'0058   0x400  <Block>
    CSTACK           uninit   0x2000'0058   0x400  <Block tail>
                            - 0x2000'0458   0x400

Unused ranges:

         From           To      Size
         ----           --      ----
   0x800'17d9   0x80f'ffff  0xf'e827
  0x2000'0458  0x2001'ffff  0x1'fba8


*******************************************************************************
*** INIT TABLE
***

          Address      Size
          -------      ----
Copy/packbits (__iar_packbits_init_single3)
    1 source range, total size 0xd (14% of destination):
           0x800'17cc   0xd
    1 destination range, total size 0x58:
          0x2000'0000  0x58



*******************************************************************************
*** MODULE SUMMARY
***

    Module                  ro code  ro data  rw data
    ------                  -------  -------  -------
command line/config:
    -------------------------------------------------
    Total:

D:\PKNU2020\StudyAVRFirmware\ARM\ADC_CDS\EWARM\ADC_CDS\Obj: [1]
    adc.o                       204       11       72
    gpio.o                      180
    lcd.o                       714
    main.o                      352
    startup_stm32f405xx.o       720
    stm32f4xx_hal.o             184        1       12
    stm32f4xx_hal_adc.o       1'168
    stm32f4xx_hal_cortex.o      172
    stm32f4xx_hal_gpio.o        484
    stm32f4xx_hal_msp.o          56
    stm32f4xx_hal_rcc.o       1'168
    stm32f4xx_it.o               20
    system_stm32f4xx.o           44        1        4
    -------------------------------------------------
    Total:                    5'466       13       88

dl7M_tlf.a: [2]
    exit.o                        4
    low_level_init.o              4
    -------------------------------------------------
    Total:                        8

m7M_tls.a: [3]
    fpinit_M.o                   34
    -------------------------------------------------
    Total:                       34

rt7M_tl.a: [4]
    ABImemset.o                 102
    I64DivMod_small.o           262
    I64DivZer.o                   2
    cexit.o                      10
    cmain.o                      30
    cstartup_M.o                 12
    data_init.o                  40
    memset.o                     20
    packbits_init_single.o       56
    -------------------------------------------------
    Total:                      534

shb_l.a: [5]
    exit.o                       20
    -------------------------------------------------
    Total:                       20

    Gaps                         12        2
    Linker created                        16    1'024
-----------------------------------------------------
    Grand Total:              6'074       31    1'112


*******************************************************************************
*** ENTRY LIST
***

Entry                       Address   Size  Type      Object
-----                       -------   ----  ----      ------
.iar.init_table$$Base    0x800'15fc          --   Gb  - Linker created -
.iar.init_table$$Limit   0x800'160c          --   Gb  - Linker created -
?main                    0x800'160d         Code  Gb  cmain.o [4]
AHBPrescTable            0x800'15a0   0x10  Data  Gb  system_stm32f4xx.o [1]
BusFault_Handler         0x800'165b    0x2  Code  Gb  stm32f4xx_it.o [1]
CSTACK$$Base            0x2000'0058          --   Gb  - Linker created -
CSTACK$$Limit           0x2000'0458          --   Gb  - Linker created -
DebugMon_Handler         0x800'1661    0x2  Code  Gb  stm32f4xx_it.o [1]
Error_Handler            0x800'0859    0x2  Code  Gb  main.o [1]
HAL_ADC_ConfigChannel    0x800'04bd  0x110  Code  Gb  stm32f4xx_hal_adc.o [1]
HAL_ADC_GetValue         0x800'04b7    0x6  Code  Gb  stm32f4xx_hal_adc.o [1]
HAL_ADC_Init             0x800'0189  0x154  Code  Gb  stm32f4xx_hal_adc.o [1]
HAL_ADC_MspInit          0x800'0675   0x5c  Code  Gb  adc.o [1]
HAL_ADC_PollForConversion
                         0x800'0369   0x9e  Code  Gb  stm32f4xx_hal_adc.o [1]
HAL_ADC_Start            0x800'02f1   0x78  Code  Gb  stm32f4xx_hal_adc.o [1]
HAL_Delay                0x800'0e65   0x28  Code  Wk  stm32f4xx_hal.o [1]
HAL_GPIO_Init            0x800'0865  0x1ae  Code  Gb  stm32f4xx_hal_gpio.o [1]
HAL_GPIO_WritePin        0x800'0a13    0x8  Code  Gb  stm32f4xx_hal_gpio.o [1]
HAL_GetTick              0x800'06e5    0xc  Code  Wk  stm32f4xx_hal.o [1]
HAL_IncTick              0x800'1669   0x10  Code  Wk  stm32f4xx_hal.o [1]
HAL_Init                 0x800'0ab1   0x30  Code  Gb  stm32f4xx_hal.o [1]
HAL_InitTick             0x800'13c9   0x40  Code  Wk  stm32f4xx_hal.o [1]
HAL_MspInit              0x800'1409   0x38  Code  Gb  stm32f4xx_hal_msp.o [1]
HAL_NVIC_SetPriority     0x800'1351   0x3a  Code  Gb  stm32f4xx_hal_cortex.o [1]
HAL_NVIC_SetPriorityGrouping
                         0x800'1337   0x1a  Code  Gb  stm32f4xx_hal_cortex.o [1]
HAL_RCC_ClockConfig      0x800'119d  0x100  Code  Gb  stm32f4xx_hal_rcc.o [1]
HAL_RCC_OscConfig        0x800'0e8d  0x310  Code  Wk  stm32f4xx_hal_rcc.o [1]
HAL_SYSTICK_Config       0x800'138b   0x28  Code  Gb  stm32f4xx_hal_cortex.o [1]
HardFault_Handler        0x800'1657    0x2  Code  Gb  stm32f4xx_it.o [1]
MX_ADC1_Init             0x800'0619   0x5c  Code  Gb  adc.o [1]
MX_GPIO_Init             0x800'0ae5   0x96  Code  Gb  gpio.o [1]
MemManage_Handler        0x800'1659    0x2  Code  Gb  stm32f4xx_it.o [1]
NMI_Handler              0x800'1655    0x2  Code  Gb  stm32f4xx_it.o [1]
PendSV_Handler           0x800'1663    0x2  Code  Gb  stm32f4xx_it.o [1]
Region$$Table$$Base      0x800'15fc          --   Gb  - Linker created -
Region$$Table$$Limit     0x800'160c          --   Gb  - Linker created -
SVC_Handler              0x800'165f    0x2  Code  Gb  stm32f4xx_it.o [1]
SysTick_Handler          0x800'1665    0x4  Code  Gb  stm32f4xx_it.o [1]
SystemClock_Config       0x800'07b3   0x96  Code  Gb  main.o [1]
SystemCoreClock         0x2000'000c    0x4  Data  Gb  system_stm32f4xx.o [1]
SystemInit               0x800'1585   0x14  Code  Gb  system_stm32f4xx.o [1]
UsageFault_Handler       0x800'165d    0x2  Code  Gb  stm32f4xx_it.o [1]
__NVIC_SetPriority       0x800'131d   0x1a  Code  Lc  stm32f4xx_hal_cortex.o [1]
__aeabi_ldiv0            0x800'1549         Code  Gb  I64DivZer.o [4]
__aeabi_memset           0x800'0a49         Code  Gb  ABImemset.o [4]
__cmain                  0x800'160d         Code  Gb  cmain.o [4]
__exit                   0x800'1641   0x14  Code  Gb  exit.o [5]
__iar_Memset             0x800'0a49         Code  Gb  ABImemset.o [4]
__iar_Memset_word        0x800'0a51         Code  Gb  ABImemset.o [4]
__iar_data_init3         0x800'15b1   0x28  Code  Gb  data_init.o [4]
__iar_init_vfp           0x800'15d9         Code  Gb  fpinit_M.o [3]
__iar_packbits_init_single3
                         0x800'154b   0x38  Code  Gb  packbits_init_single.o [4]
__iar_program_start      0x800'1689         Code  Gb  cstartup_M.o [4]
__iar_small_uldivmod     0x800'1441         Code  Gb  I64DivMod_small.o [4]
__low_level_init         0x800'162b    0x4  Code  Gb  low_level_init.o [2]
__vector_table           0x800'0000         Data  Gb  startup_stm32f405xx.o [1]
_call_main               0x800'1619         Code  Gb  cmain.o [4]
_exit                    0x800'1635         Code  Gb  cexit.o [4]
_main                    0x800'1627         Code  Gb  cmain.o [4]
exit                     0x800'162f    0x4  Code  Gb  exit.o [2]
hadc1                   0x2000'0010   0x48  Data  Gb  adc.o [1]
lcdControlWrite          0x800'0d67    0xc  Code  Gb  lcd.o [1]
lcdDataWrite             0x800'0d73   0x12  Code  Gb  lcd.o [1]
lcdGotoXY                0x800'0e2b   0x1e  Code  Gb  lcd.o [1]
lcdInit                  0x800'0df9   0x32  Code  Gb  lcd.o [1]
lcdInitHW                0x800'0d05   0x62  Code  Gb  lcd.o [1]
lcdPrint                 0x800'0e49   0x1a  Code  Gb  lcd.o [1]
lcdmDelay                0x800'0ce7   0x1e  Code  Lc  lcd.o [1]
lcduDelay                0x800'0b99  0x14e  Code  Lc  lcd.o [1]
main                     0x800'0705   0x9e  Code  Gb  main.o [1]
memset                   0x800'06f1   0x14  Code  Gb  memset.o [4]
uwTick                  0x2000'0004    0x4  Data  Gb  stm32f4xx_hal.o [1]
uwTickFreq              0x2000'0000    0x1  Data  Gb  stm32f4xx_hal.o [1]
uwTickPrio              0x2000'0008    0x4  Data  Gb  stm32f4xx_hal.o [1]


[1] = D:\PKNU2020\StudyAVRFirmware\ARM\ADC_CDS\EWARM\ADC_CDS\Obj
[2] = dl7M_tlf.a
[3] = m7M_tls.a
[4] = rt7M_tl.a
[5] = shb_l.a

  6'074 bytes of readonly  code memory
     31 bytes of readonly  data memory
  1'112 bytes of readwrite data memory

Errors: none
Warnings: none
