###############################################################################
#
# IAR ELF Linker V8.50.4.261/W32 for ARM                  25/Jun/2020  10:06:17
# Copyright 2007-2020 IAR Systems AB.
#
#    Output file  =
#        D:\PKNU2020\StudyAVRFirmware\ARM\DCMotor_PWM2\EWARM\DCMotor_PWM2\Exe\DCMotor_PWM2.out
#    Map file     =
#        D:\PKNU2020\StudyAVRFirmware\ARM\DCMotor_PWM2\EWARM\DCMotor_PWM2\List\DCMotor_PWM2.map
#    Command line =
#        -f C:\Users\PKNU\AppData\Local\Temp\EW7A9A.tmp
#        (D:\PKNU2020\StudyAVRFirmware\ARM\DCMotor_PWM2\EWARM\DCMotor_PWM2\Obj\gpio.o
#        D:\PKNU2020\StudyAVRFirmware\ARM\DCMotor_PWM2\EWARM\DCMotor_PWM2\Obj\lcd.o
#        D:\PKNU2020\StudyAVRFirmware\ARM\DCMotor_PWM2\EWARM\DCMotor_PWM2\Obj\main.o
#        D:\PKNU2020\StudyAVRFirmware\ARM\DCMotor_PWM2\EWARM\DCMotor_PWM2\Obj\startup_stm32f405xx.o
#        D:\PKNU2020\StudyAVRFirmware\ARM\DCMotor_PWM2\EWARM\DCMotor_PWM2\Obj\stm32f4xx_hal.o
#        D:\PKNU2020\StudyAVRFirmware\ARM\DCMotor_PWM2\EWARM\DCMotor_PWM2\Obj\stm32f4xx_hal_cortex.o
#        D:\PKNU2020\StudyAVRFirmware\ARM\DCMotor_PWM2\EWARM\DCMotor_PWM2\Obj\stm32f4xx_hal_dma.o
#        D:\PKNU2020\StudyAVRFirmware\ARM\DCMotor_PWM2\EWARM\DCMotor_PWM2\Obj\stm32f4xx_hal_dma_ex.o
#        D:\PKNU2020\StudyAVRFirmware\ARM\DCMotor_PWM2\EWARM\DCMotor_PWM2\Obj\stm32f4xx_hal_exti.o
#        D:\PKNU2020\StudyAVRFirmware\ARM\DCMotor_PWM2\EWARM\DCMotor_PWM2\Obj\stm32f4xx_hal_flash.o
#        D:\PKNU2020\StudyAVRFirmware\ARM\DCMotor_PWM2\EWARM\DCMotor_PWM2\Obj\stm32f4xx_hal_flash_ex.o
#        D:\PKNU2020\StudyAVRFirmware\ARM\DCMotor_PWM2\EWARM\DCMotor_PWM2\Obj\stm32f4xx_hal_flash_ramfunc.o
#        D:\PKNU2020\StudyAVRFirmware\ARM\DCMotor_PWM2\EWARM\DCMotor_PWM2\Obj\stm32f4xx_hal_gpio.o
#        D:\PKNU2020\StudyAVRFirmware\ARM\DCMotor_PWM2\EWARM\DCMotor_PWM2\Obj\stm32f4xx_hal_msp.o
#        D:\PKNU2020\StudyAVRFirmware\ARM\DCMotor_PWM2\EWARM\DCMotor_PWM2\Obj\stm32f4xx_hal_pwr.o
#        D:\PKNU2020\StudyAVRFirmware\ARM\DCMotor_PWM2\EWARM\DCMotor_PWM2\Obj\stm32f4xx_hal_pwr_ex.o
#        D:\PKNU2020\StudyAVRFirmware\ARM\DCMotor_PWM2\EWARM\DCMotor_PWM2\Obj\stm32f4xx_hal_rcc.o
#        D:\PKNU2020\StudyAVRFirmware\ARM\DCMotor_PWM2\EWARM\DCMotor_PWM2\Obj\stm32f4xx_hal_rcc_ex.o
#        D:\PKNU2020\StudyAVRFirmware\ARM\DCMotor_PWM2\EWARM\DCMotor_PWM2\Obj\stm32f4xx_hal_tim.o
#        D:\PKNU2020\StudyAVRFirmware\ARM\DCMotor_PWM2\EWARM\DCMotor_PWM2\Obj\stm32f4xx_hal_tim_ex.o
#        D:\PKNU2020\StudyAVRFirmware\ARM\DCMotor_PWM2\EWARM\DCMotor_PWM2\Obj\stm32f4xx_it.o
#        D:\PKNU2020\StudyAVRFirmware\ARM\DCMotor_PWM2\EWARM\DCMotor_PWM2\Obj\system_stm32f4xx.o
#        D:\PKNU2020\StudyAVRFirmware\ARM\DCMotor_PWM2\EWARM\DCMotor_PWM2\Obj\tim.o
#        --redirect _Printf=_PrintfFull --redirect _Scanf=_ScanfFull
#        --no_out_extension -o
#        D:\PKNU2020\StudyAVRFirmware\ARM\DCMotor_PWM2\EWARM\DCMotor_PWM2\Exe\DCMotor_PWM2.out
#        --map
#        D:\PKNU2020\StudyAVRFirmware\ARM\DCMotor_PWM2\EWARM\DCMotor_PWM2\List\DCMotor_PWM2.map
#        --config
#        D:\PKNU2020\StudyAVRFirmware\ARM\DCMotor_PWM2\EWARM/stm32f405xx_flash.icf
#        --semihosting --entry __iar_program_start --vfe --text_out locale)
#
###############################################################################

*******************************************************************************
*** RUNTIME MODEL ATTRIBUTES
***

CppFlavor       = *
__SystemLibrary = DLib
__dlib_version  = 6


*******************************************************************************
*** HEAP SELECTION
***

The basic heap was selected because some modules are built with
size limitations (and not runtime checking), and --advanced_heap
was not specified.


*******************************************************************************
*** PLACEMENT SUMMARY
***

"A0":  place at address 0x800'0000 { ro section .intvec };
"P1":  place in [from 0x800'0000 to 0x80f'ffff] { ro };
define block CSTACK with size = 1K, alignment = 8 { };
define block HEAP with size = 512, alignment = 8 { };
"P2":  place in [from 0x2000'0000 to 0x2001'ffff] {
          rw, block CSTACK, block HEAP };
initialize by copy { rw };

  Section            Kind         Address    Size  Object
  -------            ----         -------    ----  ------
"A0":                                       0x188
  .intvec            ro code   0x800'0000   0x188  startup_stm32f405xx.o [1]
                             - 0x800'0188   0x188

"P1":                                      0x1635
  .text              ro code   0x800'0188   0x3bc  stm32f4xx_hal_tim.o [1]
  .text              ro code   0x800'0544    0xfc  tim.o [1]
  .text              ro code   0x800'0640    0x14  memset.o [4]
  .text              ro code   0x800'0654   0x158  main.o [1]
  .text              ro code   0x800'07ac    0x8c  stm32f4xx_hal_tim_ex.o [1]
  .text              ro code   0x800'0838   0x1e4  stm32f4xx_hal_gpio.o [1]
  .text              ro code   0x800'0a1c    0x66  ABImemset.o [4]
  .text              ro code   0x800'0a84    0x34  stm32f4xx_hal.o [1]
  .text              ro code   0x800'0ab8    0xb8  gpio.o [1]
  .text              ro code   0x800'0b70   0x2cc  lcd.o [1]
  .text              ro code   0x800'0e3c    0x28  stm32f4xx_hal.o [1]
  .text              ro code   0x800'0e64   0x310  stm32f4xx_hal_rcc.o [1]
  .text              ro code   0x800'1174   0x180  stm32f4xx_hal_rcc.o [1]
  .text              ro code   0x800'12f4    0xac  stm32f4xx_hal_cortex.o [1]
  .text              ro code   0x800'13a0    0x40  stm32f4xx_hal.o [1]
  .text              ro code   0x800'13e0    0x38  stm32f4xx_hal_msp.o [1]
  .text              ro code   0x800'1418     0xc  stm32f4xx_hal.o [1]
  .text              ro code   0x800'1424   0x106  I64DivMod_small.o [4]
  .text              ro code   0x800'152c     0x2  I64DivZer.o [4]
  .text              ro code   0x800'152e    0x38  packbits_init_single.o [4]
  .text              ro code   0x800'1568    0x2c  system_stm32f4xx.o [1]
  .text              ro code   0x800'1594    0x28  data_init.o [4]
  .text              ro code   0x800'15bc    0x22  fpinit_M.o [3]
  .iar.init_table    const     0x800'15e0    0x10  - Linker created -
  .text              ro code   0x800'15f0    0x1e  cmain.o [4]
  .text              ro code   0x800'160e     0x4  low_level_init.o [2]
  .text              ro code   0x800'1612     0x4  exit.o [2]
  .text              ro code   0x800'1618     0xa  cexit.o [4]
  .text              ro code   0x800'1624    0x14  exit.o [5]
  .text              ro code   0x800'1638    0x14  stm32f4xx_it.o [1]
  .text              ro code   0x800'164c    0x10  stm32f4xx_hal.o [1]
  .text              ro code   0x800'165c    0x10  startup_stm32f405xx.o [1]
  .text              ro code   0x800'166c     0xc  cstartup_M.o [4]
  .text              ro code   0x800'1678     0x4  startup_stm32f405xx.o [1]
  .text              ro code   0x800'167c     0x4  startup_stm32f405xx.o [1]
  .text              ro code   0x800'1680     0x4  startup_stm32f405xx.o [1]
  .text              ro code   0x800'1684     0x4  startup_stm32f405xx.o [1]
  .text              ro code   0x800'1688     0x4  startup_stm32f405xx.o [1]
  .text              ro code   0x800'168c     0x4  startup_stm32f405xx.o [1]
  .text              ro code   0x800'1690     0x4  startup_stm32f405xx.o [1]
  .text              ro code   0x800'1694     0x4  startup_stm32f405xx.o [1]
  .text              ro code   0x800'1698     0x4  startup_stm32f405xx.o [1]
  .text              ro code   0x800'169c     0x4  startup_stm32f405xx.o [1]
  .text              ro code   0x800'16a0     0x4  startup_stm32f405xx.o [1]
  .text              ro code   0x800'16a4     0x4  startup_stm32f405xx.o [1]
  .text              ro code   0x800'16a8     0x4  startup_stm32f405xx.o [1]
  .text              ro code   0x800'16ac     0x4  startup_stm32f405xx.o [1]
  .text              ro code   0x800'16b0     0x4  startup_stm32f405xx.o [1]
  .text              ro code   0x800'16b4     0x4  startup_stm32f405xx.o [1]
  .text              ro code   0x800'16b8     0x4  startup_stm32f405xx.o [1]
  .text              ro code   0x800'16bc     0x4  startup_stm32f405xx.o [1]
  .text              ro code   0x800'16c0     0x4  startup_stm32f405xx.o [1]
  .text              ro code   0x800'16c4     0x4  startup_stm32f405xx.o [1]
  .text              ro code   0x800'16c8     0x4  startup_stm32f405xx.o [1]
  .text              ro code   0x800'16cc     0x4  startup_stm32f405xx.o [1]
  .text              ro code   0x800'16d0     0x4  startup_stm32f405xx.o [1]
  .text              ro code   0x800'16d4     0x4  startup_stm32f405xx.o [1]
  .text              ro code   0x800'16d8     0x4  startup_stm32f405xx.o [1]
  .text              ro code   0x800'16dc     0x4  startup_stm32f405xx.o [1]
  .text              ro code   0x800'16e0     0x4  startup_stm32f405xx.o [1]
  .text              ro code   0x800'16e4     0x4  startup_stm32f405xx.o [1]
  .text              ro code   0x800'16e8     0x4  startup_stm32f405xx.o [1]
  .text              ro code   0x800'16ec     0x4  startup_stm32f405xx.o [1]
  .text              ro code   0x800'16f0     0x4  startup_stm32f405xx.o [1]
  .text              ro code   0x800'16f4     0x4  startup_stm32f405xx.o [1]
  .text              ro code   0x800'16f8     0x4  startup_stm32f405xx.o [1]
  .text              ro code   0x800'16fc     0x4  startup_stm32f405xx.o [1]
  .text              ro code   0x800'1700     0x4  startup_stm32f405xx.o [1]
  .text              ro code   0x800'1704     0x4  startup_stm32f405xx.o [1]
  .text              ro code   0x800'1708     0x4  startup_stm32f405xx.o [1]
  .text              ro code   0x800'170c     0x4  startup_stm32f405xx.o [1]
  .text              ro code   0x800'1710     0x4  startup_stm32f405xx.o [1]
  .text              ro code   0x800'1714     0x4  startup_stm32f405xx.o [1]
  .text              ro code   0x800'1718     0x4  startup_stm32f405xx.o [1]
  .text              ro code   0x800'171c     0x4  startup_stm32f405xx.o [1]
  .text              ro code   0x800'1720     0x4  startup_stm32f405xx.o [1]
  .text              ro code   0x800'1724     0x4  startup_stm32f405xx.o [1]
  .text              ro code   0x800'1728     0x4  startup_stm32f405xx.o [1]
  .text              ro code   0x800'172c     0x4  startup_stm32f405xx.o [1]
  .text              ro code   0x800'1730     0x4  startup_stm32f405xx.o [1]
  .text              ro code   0x800'1734     0x4  startup_stm32f405xx.o [1]
  .text              ro code   0x800'1738     0x4  startup_stm32f405xx.o [1]
  .text              ro code   0x800'173c     0x4  startup_stm32f405xx.o [1]
  .text              ro code   0x800'1740     0x4  startup_stm32f405xx.o [1]
  .text              ro code   0x800'1744     0x4  startup_stm32f405xx.o [1]
  .text              ro code   0x800'1748     0x4  startup_stm32f405xx.o [1]
  .text              ro code   0x800'174c     0x4  startup_stm32f405xx.o [1]
  .text              ro code   0x800'1750     0x4  startup_stm32f405xx.o [1]
  .text              ro code   0x800'1754     0x4  startup_stm32f405xx.o [1]
  .text              ro code   0x800'1758     0x4  startup_stm32f405xx.o [1]
  .text              ro code   0x800'175c     0x4  startup_stm32f405xx.o [1]
  .text              ro code   0x800'1760     0x4  startup_stm32f405xx.o [1]
  .text              ro code   0x800'1764     0x4  startup_stm32f405xx.o [1]
  .text              ro code   0x800'1768     0x4  startup_stm32f405xx.o [1]
  .text              ro code   0x800'176c     0x4  startup_stm32f405xx.o [1]
  .text              ro code   0x800'1770     0x4  startup_stm32f405xx.o [1]
  .text              ro code   0x800'1774     0x4  startup_stm32f405xx.o [1]
  .text              ro code   0x800'1778     0x4  startup_stm32f405xx.o [1]
  .text              ro code   0x800'177c     0x4  startup_stm32f405xx.o [1]
  .text              ro code   0x800'1780     0x4  startup_stm32f405xx.o [1]
  .text              ro code   0x800'1784     0x4  startup_stm32f405xx.o [1]
  .text              ro code   0x800'1788     0x4  startup_stm32f405xx.o [1]
  .text              ro code   0x800'178c     0x4  startup_stm32f405xx.o [1]
  .text              ro code   0x800'1790     0x4  startup_stm32f405xx.o [1]
  .text              ro code   0x800'1794     0x4  startup_stm32f405xx.o [1]
  .text              ro code   0x800'1798     0x4  startup_stm32f405xx.o [1]
  .text              ro code   0x800'179c     0x4  startup_stm32f405xx.o [1]
  .text              ro code   0x800'17a0     0x4  startup_stm32f405xx.o [1]
  .text              ro code   0x800'17a4     0x4  startup_stm32f405xx.o [1]
  .text              ro code   0x800'17a8     0x4  startup_stm32f405xx.o [1]
  .text              ro code   0x800'17ac     0x4  startup_stm32f405xx.o [1]
  .rodata            const     0x800'17b0     0x0  packbits_init_single.o [4]
  Initializer bytes  const     0x800'17b0     0xd  <for P2-1>
                             - 0x800'17bd  0x1635

"P2", part 1 of 2:                           0x50
  P2-1                        0x2000'0000    0x50  <Init block>
    .data            inited   0x2000'0000     0xc  stm32f4xx_hal.o [1]
    .data            inited   0x2000'000c     0x4  system_stm32f4xx.o [1]
    .bss             inited   0x2000'0010    0x40  tim.o [1]
                            - 0x2000'0050    0x50

"P2", part 2 of 2:                          0x400
  CSTACK                      0x2000'0050   0x400  <Block>
    CSTACK           uninit   0x2000'0050   0x400  <Block tail>
                            - 0x2000'0450   0x400

Unused ranges:

         From           To      Size
         ----           --      ----
   0x800'17bd   0x80f'ffff  0xf'e843
  0x2000'0450  0x2001'ffff  0x1'fbb0


*******************************************************************************
*** INIT TABLE
***

          Address      Size
          -------      ----
Copy/packbits (__iar_packbits_init_single3)
    1 source range, total size 0xd (16% of destination):
           0x800'17b0   0xd
    1 destination range, total size 0x50:
          0x2000'0000  0x50



*******************************************************************************
*** MODULE SUMMARY
***

    Module                  ro code  ro data  rw data
    ------                  -------  -------  -------
command line/config:
    -------------------------------------------------
    Total:

D:\PKNU2020\StudyAVRFirmware\ARM\DCMotor_PWM2\EWARM\DCMotor_PWM2\Obj: [1]
    gpio.o                      184
    lcd.o                       716
    main.o                      344
    startup_stm32f405xx.o       720
    stm32f4xx_hal.o             184        1       12
    stm32f4xx_hal_cortex.o      172
    stm32f4xx_hal_gpio.o        484
    stm32f4xx_hal_msp.o          56
    stm32f4xx_hal_rcc.o       1'168
    stm32f4xx_hal_tim.o         956
    stm32f4xx_hal_tim_ex.o      140
    stm32f4xx_it.o               20
    system_stm32f4xx.o           44        1        4
    tim.o                       252       11       64
    -------------------------------------------------
    Total:                    5'440       13       80

dl7M_tlf.a: [2]
    exit.o                        4
    low_level_init.o              4
    -------------------------------------------------
    Total:                        8

m7M_tls.a: [3]
    fpinit_M.o                   34
    -------------------------------------------------
    Total:                       34

rt7M_tl.a: [4]
    ABImemset.o                 102
    I64DivMod_small.o           262
    I64DivZer.o                   2
    cexit.o                      10
    cmain.o                      30
    cstartup_M.o                 12
    data_init.o                  40
    memset.o                     20
    packbits_init_single.o       56
    -------------------------------------------------
    Total:                      534

shb_l.a: [5]
    exit.o                       20
    -------------------------------------------------
    Total:                       20

    Gaps                         10        2
    Linker created                        16    1'024
-----------------------------------------------------
    Grand Total:              6'046       31    1'104


*******************************************************************************
*** ENTRY LIST
***

Entry                       Address   Size  Type      Object
-----                       -------   ----  ----      ------
.iar.init_table$$Base    0x800'15e0          --   Gb  - Linker created -
.iar.init_table$$Limit   0x800'15f0          --   Gb  - Linker created -
?main                    0x800'15f1         Code  Gb  cmain.o [4]
AHBPrescTable            0x800'1584   0x10  Data  Gb  system_stm32f4xx.o [1]
BusFault_Handler         0x800'163f    0x2  Code  Gb  stm32f4xx_it.o [1]
CSTACK$$Base            0x2000'0050          --   Gb  - Linker created -
CSTACK$$Limit           0x2000'0450          --   Gb  - Linker created -
DebugMon_Handler         0x800'1645    0x2  Code  Gb  stm32f4xx_it.o [1]
Error_Handler            0x800'07a1    0x2  Code  Gb  main.o [1]
HAL_Delay                0x800'0e3d   0x28  Code  Wk  stm32f4xx_hal.o [1]
HAL_GPIO_Init            0x800'0839  0x1ae  Code  Gb  stm32f4xx_hal_gpio.o [1]
HAL_GPIO_WritePin        0x800'09e7    0x8  Code  Gb  stm32f4xx_hal_gpio.o [1]
HAL_GetTick              0x800'1419    0xc  Code  Wk  stm32f4xx_hal.o [1]
HAL_IncTick              0x800'164d   0x10  Code  Wk  stm32f4xx_hal.o [1]
HAL_Init                 0x800'0a85   0x30  Code  Gb  stm32f4xx_hal.o [1]
HAL_InitTick             0x800'13a1   0x40  Code  Wk  stm32f4xx_hal.o [1]
HAL_MspInit              0x800'13e1   0x38  Code  Gb  stm32f4xx_hal_msp.o [1]
HAL_NVIC_SetPriority     0x800'1329   0x3a  Code  Gb  stm32f4xx_hal_cortex.o [1]
HAL_NVIC_SetPriorityGrouping
                         0x800'130f   0x1a  Code  Gb  stm32f4xx_hal_cortex.o [1]
HAL_RCC_ClockConfig      0x800'1175  0x100  Code  Gb  stm32f4xx_hal_rcc.o [1]
HAL_RCC_OscConfig        0x800'0e65  0x310  Code  Wk  stm32f4xx_hal_rcc.o [1]
HAL_SYSTICK_Config       0x800'1363   0x28  Code  Gb  stm32f4xx_hal_cortex.o [1]
HAL_TIMEx_MasterConfigSynchronization
                         0x800'07ad   0x6e  Code  Gb  stm32f4xx_hal_tim_ex.o [1]
HAL_TIM_MspPostInit      0x800'05e3   0x4e  Code  Gb  tim.o [1]
HAL_TIM_PWM_ConfigChannel
                         0x800'0219   0xbc  Code  Gb  stm32f4xx_hal_tim.o [1]
HAL_TIM_PWM_Init         0x800'01bd   0x1a  Code  Gb  stm32f4xx_hal_tim.o [1]
HAL_TIM_PWM_MspInit      0x800'05bd   0x26  Code  Gb  tim.o [1]
HAL_TIM_PWM_Start        0x800'01d7   0x14  Code  Gb  stm32f4xx_hal_tim.o [1]
HardFault_Handler        0x800'163b    0x2  Code  Gb  stm32f4xx_it.o [1]
MX_GPIO_Init             0x800'0ab9   0xb8  Code  Gb  gpio.o [1]
MX_TIM2_Init             0x800'0545   0x78  Code  Gb  tim.o [1]
MemManage_Handler        0x800'163d    0x2  Code  Gb  stm32f4xx_it.o [1]
NMI_Handler              0x800'1639    0x2  Code  Gb  stm32f4xx_it.o [1]
PendSV_Handler           0x800'1647    0x2  Code  Gb  stm32f4xx_it.o [1]
Region$$Table$$Base      0x800'15e0          --   Gb  - Linker created -
Region$$Table$$Limit     0x800'15f0          --   Gb  - Linker created -
SVC_Handler              0x800'1643    0x2  Code  Gb  stm32f4xx_it.o [1]
SysTick_Handler          0x800'1649    0x4  Code  Gb  stm32f4xx_it.o [1]
SystemClock_Config       0x800'06f5   0x96  Code  Gb  main.o [1]
SystemCoreClock         0x2000'000c    0x4  Data  Gb  system_stm32f4xx.o [1]
SystemInit               0x800'1569   0x14  Code  Gb  system_stm32f4xx.o [1]
TIM_Base_SetConfig       0x800'0309   0x96  Code  Gb  stm32f4xx_hal_tim.o [1]
TIM_CCxChannelCmd        0x800'0529   0x16  Code  Gb  stm32f4xx_hal_tim.o [1]
TIM_OC1_SetConfig        0x800'039f   0x58  Code  Lc  stm32f4xx_hal_tim.o [1]
TIM_OC2_SetConfig        0x800'03f7   0x60  Code  Gb  stm32f4xx_hal_tim.o [1]
TIM_OC3_SetConfig        0x800'0457   0x5e  Code  Lc  stm32f4xx_hal_tim.o [1]
TIM_OC4_SetConfig        0x800'04b5   0x46  Code  Lc  stm32f4xx_hal_tim.o [1]
UsageFault_Handler       0x800'1641    0x2  Code  Gb  stm32f4xx_it.o [1]
__NVIC_SetPriority       0x800'12f5   0x1a  Code  Lc  stm32f4xx_hal_cortex.o [1]
__aeabi_ldiv0            0x800'152d         Code  Gb  I64DivZer.o [4]
__aeabi_memset           0x800'0a1d         Code  Gb  ABImemset.o [4]
__cmain                  0x800'15f1         Code  Gb  cmain.o [4]
__exit                   0x800'1625   0x14  Code  Gb  exit.o [5]
__iar_Memset             0x800'0a1d         Code  Gb  ABImemset.o [4]
__iar_Memset_word        0x800'0a25         Code  Gb  ABImemset.o [4]
__iar_data_init3         0x800'1595   0x28  Code  Gb  data_init.o [4]
__iar_init_vfp           0x800'15bd         Code  Gb  fpinit_M.o [3]
__iar_packbits_init_single3
                         0x800'152f   0x38  Code  Gb  packbits_init_single.o [4]
__iar_program_start      0x800'166d         Code  Gb  cstartup_M.o [4]
__iar_small_uldivmod     0x800'1425         Code  Gb  I64DivMod_small.o [4]
__low_level_init         0x800'160f    0x4  Code  Gb  low_level_init.o [2]
__vector_table           0x800'0000         Data  Gb  startup_stm32f405xx.o [1]
_call_main               0x800'15fd         Code  Gb  cmain.o [4]
_exit                    0x800'1619         Code  Gb  cexit.o [4]
_main                    0x800'160b         Code  Gb  cmain.o [4]
exit                     0x800'1613    0x4  Code  Gb  exit.o [2]
htim2                   0x2000'0010   0x40  Data  Gb  tim.o [1]
lcdControlWrite          0x800'0d3f    0xc  Code  Gb  lcd.o [1]
lcdDataWrite             0x800'0d4b   0x12  Code  Gb  lcd.o [1]
lcdGotoXY                0x800'0e03   0x1e  Code  Gb  lcd.o [1]
lcdInit                  0x800'0dd1   0x32  Code  Gb  lcd.o [1]
lcdInitHW                0x800'0cdd   0x62  Code  Gb  lcd.o [1]
lcdPrintData             0x800'0e21   0x1c  Code  Gb  lcd.o [1]
lcdmDelay                0x800'0cbf   0x1e  Code  Lc  lcd.o [1]
lcduDelay                0x800'0b71  0x14e  Code  Lc  lcd.o [1]
main                     0x800'0655   0xa0  Code  Gb  main.o [1]
memset                   0x800'0641   0x14  Code  Gb  memset.o [4]
uwTick                  0x2000'0004    0x4  Data  Gb  stm32f4xx_hal.o [1]
uwTickFreq              0x2000'0000    0x1  Data  Gb  stm32f4xx_hal.o [1]
uwTickPrio              0x2000'0008    0x4  Data  Gb  stm32f4xx_hal.o [1]


[1] = D:\PKNU2020\StudyAVRFirmware\ARM\DCMotor_PWM2\EWARM\DCMotor_PWM2\Obj
[2] = dl7M_tlf.a
[3] = m7M_tls.a
[4] = rt7M_tl.a
[5] = shb_l.a

  6'046 bytes of readonly  code memory
     31 bytes of readonly  data memory
  1'104 bytes of readwrite data memory

Errors: none
Warnings: none
