###############################################################################
#
# IAR ELF Linker V8.50.4.261/W32 for ARM                  22/Jun/2020  16:11:11
# Copyright 2007-2020 IAR Systems AB.
#
#    Output file  =
#        D:\PKNU2020\StudyAVR\ARM\INT_FND\EWARM\INT_FND\Exe\INT_FND.out
#    Map file     =
#        D:\PKNU2020\StudyAVR\ARM\INT_FND\EWARM\INT_FND\List\INT_FND.map
#    Command line =
#        -f C:\Users\PKNU\AppData\Local\Temp\EW79AF.tmp
#        (D:\PKNU2020\StudyAVR\ARM\INT_FND\EWARM\INT_FND\Obj\gpio.o
#        D:\PKNU2020\StudyAVR\ARM\INT_FND\EWARM\INT_FND\Obj\main.o
#        D:\PKNU2020\StudyAVR\ARM\INT_FND\EWARM\INT_FND\Obj\startup_stm32f405xx.o
#        D:\PKNU2020\StudyAVR\ARM\INT_FND\EWARM\INT_FND\Obj\stm32f4xx_hal.o
#        D:\PKNU2020\StudyAVR\ARM\INT_FND\EWARM\INT_FND\Obj\stm32f4xx_hal_cortex.o
#        D:\PKNU2020\StudyAVR\ARM\INT_FND\EWARM\INT_FND\Obj\stm32f4xx_hal_dma.o
#        D:\PKNU2020\StudyAVR\ARM\INT_FND\EWARM\INT_FND\Obj\stm32f4xx_hal_dma_ex.o
#        D:\PKNU2020\StudyAVR\ARM\INT_FND\EWARM\INT_FND\Obj\stm32f4xx_hal_exti.o
#        D:\PKNU2020\StudyAVR\ARM\INT_FND\EWARM\INT_FND\Obj\stm32f4xx_hal_flash.o
#        D:\PKNU2020\StudyAVR\ARM\INT_FND\EWARM\INT_FND\Obj\stm32f4xx_hal_flash_ex.o
#        D:\PKNU2020\StudyAVR\ARM\INT_FND\EWARM\INT_FND\Obj\stm32f4xx_hal_flash_ramfunc.o
#        D:\PKNU2020\StudyAVR\ARM\INT_FND\EWARM\INT_FND\Obj\stm32f4xx_hal_gpio.o
#        D:\PKNU2020\StudyAVR\ARM\INT_FND\EWARM\INT_FND\Obj\stm32f4xx_hal_msp.o
#        D:\PKNU2020\StudyAVR\ARM\INT_FND\EWARM\INT_FND\Obj\stm32f4xx_hal_pwr.o
#        D:\PKNU2020\StudyAVR\ARM\INT_FND\EWARM\INT_FND\Obj\stm32f4xx_hal_pwr_ex.o
#        D:\PKNU2020\StudyAVR\ARM\INT_FND\EWARM\INT_FND\Obj\stm32f4xx_hal_rcc.o
#        D:\PKNU2020\StudyAVR\ARM\INT_FND\EWARM\INT_FND\Obj\stm32f4xx_hal_rcc_ex.o
#        D:\PKNU2020\StudyAVR\ARM\INT_FND\EWARM\INT_FND\Obj\stm32f4xx_hal_tim.o
#        D:\PKNU2020\StudyAVR\ARM\INT_FND\EWARM\INT_FND\Obj\stm32f4xx_hal_tim_ex.o
#        D:\PKNU2020\StudyAVR\ARM\INT_FND\EWARM\INT_FND\Obj\stm32f4xx_it.o
#        D:\PKNU2020\StudyAVR\ARM\INT_FND\EWARM\INT_FND\Obj\system_stm32f4xx.o
#        --redirect _Printf=_PrintfFull --redirect _Scanf=_ScanfFull
#        --no_out_extension -o
#        D:\PKNU2020\StudyAVR\ARM\INT_FND\EWARM\INT_FND\Exe\INT_FND.out --map
#        D:\PKNU2020\StudyAVR\ARM\INT_FND\EWARM\INT_FND\List\INT_FND.map
#        --config D:\PKNU2020\StudyAVR\ARM\INT_FND\EWARM/stm32f405xx_flash.icf
#        --semihosting --entry __iar_program_start --vfe --text_out locale)
#
###############################################################################

*******************************************************************************
*** RUNTIME MODEL ATTRIBUTES
***

CppFlavor       = *
__SystemLibrary = DLib
__dlib_version  = 6


*******************************************************************************
*** HEAP SELECTION
***

The basic heap was selected because some modules are built with
size limitations (and not runtime checking), and --advanced_heap
was not specified.


*******************************************************************************
*** PLACEMENT SUMMARY
***

"A0":  place at address 0x800'0000 { ro section .intvec };
"P1":  place in [from 0x800'0000 to 0x80f'ffff] { ro };
define block CSTACK with size = 1K, alignment = 8 { };
define block HEAP with size = 512, alignment = 8 { };
"P2":  place in [from 0x2000'0000 to 0x2001'ffff] {
          rw, block CSTACK, block HEAP };
initialize by copy { rw };

  Section            Kind         Address   Size  Object
  -------            ----         -------   ----  ------
"A0":                                      0x188
  .intvec            ro code   0x800'0000  0x188  startup_stm32f405xx.o [1]
                             - 0x800'0188  0x188

"P1":                                      0xe6c
  .text              ro code   0x800'0188  0x310  stm32f4xx_hal_rcc.o [1]
  .text              ro code   0x800'0498    0xc  stm32f4xx_hal.o [1]
  .text              ro code   0x800'04a4  0x1f8  stm32f4xx_hal_gpio.o [1]
  .text              ro code   0x800'069c  0x13c  main.o [1]
  .text              ro code   0x800'07d8   0x34  stm32f4xx_hal.o [1]
  .text              ro code   0x800'080c   0xc4  gpio.o [1]
  .text              ro code   0x800'08d0   0x28  stm32f4xx_hal.o [1]
  .text              ro code   0x800'08f8   0x14  memset.o [3]
  .text              ro code   0x800'090c  0x180  stm32f4xx_hal_rcc.o [1]
  .text              ro code   0x800'0a8c   0xc4  stm32f4xx_hal_cortex.o [1]
  .text              ro code   0x800'0b50   0x40  stm32f4xx_hal.o [1]
  .text              ro code   0x800'0b90   0x38  stm32f4xx_hal_msp.o [1]
  .text              ro code   0x800'0bc8   0x66  ABImemset.o [3]
  .text              ro code   0x800'0c2e   0x2e  copy_init3.o [3]
  .text              ro code   0x800'0c5c  0x106  I64DivMod_small.o [3]
  .text              ro code   0x800'0d64    0x2  I64DivZer.o [3]
  Initializer bytes  const     0x800'0d68   0x5c  <for P2-1>
  .text              ro code   0x800'0dc4   0x2a  stm32f4xx_it.o [1]
  .text              ro code   0x800'0df0   0x10  stm32f4xx_hal.o [1]
  .text              ro code   0x800'0e00   0x28  data_init.o [3]
  .iar.init_table    const     0x800'0e28   0x14  - Linker created -
  .text              ro code   0x800'0e3c   0x20  system_stm32f4xx.o [1]
  .text              ro code   0x800'0e5c   0x1e  cmain.o [3]
  .text              ro code   0x800'0e7a    0x4  low_level_init.o [2]
  .text              ro code   0x800'0e7e    0x4  exit.o [2]
  .text              ro code   0x800'0e84    0xa  cexit.o [3]
  .text              ro code   0x800'0e90   0x14  exit.o [4]
  .text              ro code   0x800'0ea4   0x10  startup_stm32f405xx.o [1]
  .text              ro code   0x800'0eb4    0xc  cstartup_M.o [3]
  .text              ro code   0x800'0ec0    0x4  startup_stm32f405xx.o [1]
  .text              ro code   0x800'0ec4    0x4  startup_stm32f405xx.o [1]
  .text              ro code   0x800'0ec8    0x4  startup_stm32f405xx.o [1]
  .text              ro code   0x800'0ecc    0x4  startup_stm32f405xx.o [1]
  .text              ro code   0x800'0ed0    0x4  startup_stm32f405xx.o [1]
  .text              ro code   0x800'0ed4    0x4  startup_stm32f405xx.o [1]
  .text              ro code   0x800'0ed8    0x4  startup_stm32f405xx.o [1]
  .text              ro code   0x800'0edc    0x4  startup_stm32f405xx.o [1]
  .text              ro code   0x800'0ee0    0x4  startup_stm32f405xx.o [1]
  .text              ro code   0x800'0ee4    0x4  startup_stm32f405xx.o [1]
  .text              ro code   0x800'0ee8    0x4  startup_stm32f405xx.o [1]
  .text              ro code   0x800'0eec    0x4  startup_stm32f405xx.o [1]
  .text              ro code   0x800'0ef0    0x4  startup_stm32f405xx.o [1]
  .text              ro code   0x800'0ef4    0x4  startup_stm32f405xx.o [1]
  .text              ro code   0x800'0ef8    0x4  startup_stm32f405xx.o [1]
  .text              ro code   0x800'0efc    0x4  startup_stm32f405xx.o [1]
  .text              ro code   0x800'0f00    0x4  startup_stm32f405xx.o [1]
  .text              ro code   0x800'0f04    0x4  startup_stm32f405xx.o [1]
  .text              ro code   0x800'0f08    0x4  startup_stm32f405xx.o [1]
  .text              ro code   0x800'0f0c    0x4  startup_stm32f405xx.o [1]
  .text              ro code   0x800'0f10    0x4  startup_stm32f405xx.o [1]
  .text              ro code   0x800'0f14    0x4  startup_stm32f405xx.o [1]
  .text              ro code   0x800'0f18    0x4  startup_stm32f405xx.o [1]
  .text              ro code   0x800'0f1c    0x4  startup_stm32f405xx.o [1]
  .text              ro code   0x800'0f20    0x4  startup_stm32f405xx.o [1]
  .text              ro code   0x800'0f24    0x4  startup_stm32f405xx.o [1]
  .text              ro code   0x800'0f28    0x4  startup_stm32f405xx.o [1]
  .text              ro code   0x800'0f2c    0x4  startup_stm32f405xx.o [1]
  .text              ro code   0x800'0f30    0x4  startup_stm32f405xx.o [1]
  .text              ro code   0x800'0f34    0x4  startup_stm32f405xx.o [1]
  .text              ro code   0x800'0f38    0x4  startup_stm32f405xx.o [1]
  .text              ro code   0x800'0f3c    0x4  startup_stm32f405xx.o [1]
  .text              ro code   0x800'0f40    0x4  startup_stm32f405xx.o [1]
  .text              ro code   0x800'0f44    0x4  startup_stm32f405xx.o [1]
  .text              ro code   0x800'0f48    0x4  startup_stm32f405xx.o [1]
  .text              ro code   0x800'0f4c    0x4  startup_stm32f405xx.o [1]
  .text              ro code   0x800'0f50    0x4  startup_stm32f405xx.o [1]
  .text              ro code   0x800'0f54    0x4  startup_stm32f405xx.o [1]
  .text              ro code   0x800'0f58    0x4  startup_stm32f405xx.o [1]
  .text              ro code   0x800'0f5c    0x4  startup_stm32f405xx.o [1]
  .text              ro code   0x800'0f60    0x4  startup_stm32f405xx.o [1]
  .text              ro code   0x800'0f64    0x4  startup_stm32f405xx.o [1]
  .text              ro code   0x800'0f68    0x4  startup_stm32f405xx.o [1]
  .text              ro code   0x800'0f6c    0x4  startup_stm32f405xx.o [1]
  .text              ro code   0x800'0f70    0x4  startup_stm32f405xx.o [1]
  .text              ro code   0x800'0f74    0x4  startup_stm32f405xx.o [1]
  .text              ro code   0x800'0f78    0x4  startup_stm32f405xx.o [1]
  .text              ro code   0x800'0f7c    0x4  startup_stm32f405xx.o [1]
  .text              ro code   0x800'0f80    0x4  startup_stm32f405xx.o [1]
  .text              ro code   0x800'0f84    0x4  startup_stm32f405xx.o [1]
  .text              ro code   0x800'0f88    0x4  startup_stm32f405xx.o [1]
  .text              ro code   0x800'0f8c    0x4  startup_stm32f405xx.o [1]
  .text              ro code   0x800'0f90    0x4  startup_stm32f405xx.o [1]
  .text              ro code   0x800'0f94    0x4  startup_stm32f405xx.o [1]
  .text              ro code   0x800'0f98    0x4  startup_stm32f405xx.o [1]
  .text              ro code   0x800'0f9c    0x4  startup_stm32f405xx.o [1]
  .text              ro code   0x800'0fa0    0x4  startup_stm32f405xx.o [1]
  .text              ro code   0x800'0fa4    0x4  startup_stm32f405xx.o [1]
  .text              ro code   0x800'0fa8    0x4  startup_stm32f405xx.o [1]
  .text              ro code   0x800'0fac    0x4  startup_stm32f405xx.o [1]
  .text              ro code   0x800'0fb0    0x4  startup_stm32f405xx.o [1]
  .text              ro code   0x800'0fb4    0x4  startup_stm32f405xx.o [1]
  .text              ro code   0x800'0fb8    0x4  startup_stm32f405xx.o [1]
  .text              ro code   0x800'0fbc    0x4  startup_stm32f405xx.o [1]
  .text              ro code   0x800'0fc0    0x4  startup_stm32f405xx.o [1]
  .text              ro code   0x800'0fc4    0x4  startup_stm32f405xx.o [1]
  .text              ro code   0x800'0fc8    0x4  startup_stm32f405xx.o [1]
  .text              ro code   0x800'0fcc    0x4  startup_stm32f405xx.o [1]
  .text              ro code   0x800'0fd0    0x4  startup_stm32f405xx.o [1]
  .text              ro code   0x800'0fd4    0x4  startup_stm32f405xx.o [1]
  .text              ro code   0x800'0fd8    0x4  startup_stm32f405xx.o [1]
  .text              ro code   0x800'0fdc    0x4  startup_stm32f405xx.o [1]
  .text              ro code   0x800'0fe0    0x4  startup_stm32f405xx.o [1]
  .text              ro code   0x800'0fe4    0x4  startup_stm32f405xx.o [1]
  .text              ro code   0x800'0fe8    0x4  startup_stm32f405xx.o [1]
  .text              ro code   0x800'0fec    0x4  startup_stm32f405xx.o [1]
  .text              ro code   0x800'0ff0    0x4  startup_stm32f405xx.o [1]
  .rodata            const     0x800'0ff4    0x0  copy_init3.o [3]
                             - 0x800'0ff4  0xe6c

"P2", part 1 of 2:                          0x5c
  P2-1                        0x2000'0000   0x5c  <Init block>
    .data            inited   0x2000'0000   0x4c  main.o [1]
    .data            inited   0x2000'004c    0xc  stm32f4xx_hal.o [1]
    .data            inited   0x2000'0058    0x4  system_stm32f4xx.o [1]
                            - 0x2000'005c   0x5c

"P2", part 2 of 2:                         0x400
  CSTACK                      0x2000'0060  0x400  <Block>
    CSTACK           uninit   0x2000'0060  0x400  <Block tail>
                            - 0x2000'0460  0x400

Unused ranges:

         From           To      Size
         ----           --      ----
   0x800'0ff4   0x80f'ffff  0xf'f00c
  0x2000'005c  0x2000'005f       0x4
  0x2000'0460  0x2001'ffff  0x1'fba0


*******************************************************************************
*** INIT TABLE
***

          Address      Size
          -------      ----
Copy (__iar_copy_init3)
    1 source range, total size 0x5c:
           0x800'0d68  0x5c
    1 destination range, total size 0x5c:
          0x2000'0000  0x5c



*******************************************************************************
*** MODULE SUMMARY
***

    Module                  ro code  ro data  rw data
    ------                  -------  -------  -------
command line/config:
    -------------------------------------------------
    Total:

D:\PKNU2020\StudyAVR\ARM\INT_FND\EWARM\INT_FND\Obj: [1]
    gpio.o                      196
    main.o                      316       76       76
    startup_stm32f405xx.o       716
    stm32f4xx_hal.o             184       12       12
    stm32f4xx_hal_cortex.o      196
    stm32f4xx_hal_gpio.o        504
    stm32f4xx_hal_msp.o          56
    stm32f4xx_hal_rcc.o       1'168
    stm32f4xx_it.o               42
    system_stm32f4xx.o           32        4        4
    -------------------------------------------------
    Total:                    3'410       92       92

dl7M_tln.a: [2]
    exit.o                        4
    low_level_init.o              4
    -------------------------------------------------
    Total:                        8

rt7M_tl.a: [3]
    ABImemset.o                 102
    I64DivMod_small.o           262
    I64DivZer.o                   2
    cexit.o                      10
    cmain.o                      30
    copy_init3.o                 46
    cstartup_M.o                 12
    data_init.o                  40
    memset.o                     20
    -------------------------------------------------
    Total:                      524

shb_l.a: [4]
    exit.o                       20
    -------------------------------------------------
    Total:                       20

    Gaps                          8
    Linker created                        22    1'024
-----------------------------------------------------
    Grand Total:              3'970      114    1'116


*******************************************************************************
*** ENTRY LIST
***

Entry                       Address   Size  Type      Object
-----                       -------   ----  ----      ------
.iar.init_table$$Base    0x800'0e28          --   Gb  - Linker created -
.iar.init_table$$Limit   0x800'0e3c          --   Gb  - Linker created -
?main                    0x800'0e5d         Code  Gb  cmain.o [3]
AHBPrescTable            0x800'0e4c   0x10  Data  Gb  system_stm32f4xx.o [1]
BusFault_Handler         0x800'0dcb    0x2  Code  Gb  stm32f4xx_it.o [1]
CSTACK$$Base            0x2000'0060          --   Gb  - Linker created -
CSTACK$$Limit           0x2000'0460          --   Gb  - Linker created -
DebugMon_Handler         0x800'0dd1    0x2  Code  Gb  stm32f4xx_it.o [1]
EXTI15_10_IRQHandler     0x800'0dd9   0x16  Code  Gb  stm32f4xx_it.o [1]
FND_DATA_TBL            0x2000'0004   0x48  Data  Gb  main.o [1]
HAL_Delay                0x800'08d1   0x28  Code  Wk  stm32f4xx_hal.o [1]
HAL_GPIO_EXTI_Callback   0x800'0787   0x42  Code  Gb  main.o [1]
HAL_GPIO_EXTI_IRQHandler
                         0x800'065b   0x10  Code  Gb  stm32f4xx_hal_gpio.o [1]
HAL_GPIO_Init            0x800'04a5  0x1ae  Code  Gb  stm32f4xx_hal_gpio.o [1]
HAL_GPIO_WritePin        0x800'0653    0x8  Code  Gb  stm32f4xx_hal_gpio.o [1]
HAL_GetTick              0x800'0499    0xc  Code  Wk  stm32f4xx_hal.o [1]
HAL_IncTick              0x800'0df1   0x10  Code  Wk  stm32f4xx_hal.o [1]
HAL_Init                 0x800'07d9   0x30  Code  Gb  stm32f4xx_hal.o [1]
HAL_InitTick             0x800'0b51   0x40  Code  Wk  stm32f4xx_hal.o [1]
HAL_MspInit              0x800'0b91   0x38  Code  Gb  stm32f4xx_hal_msp.o [1]
HAL_NVIC_EnableIRQ       0x800'0afb   0x16  Code  Gb  stm32f4xx_hal_cortex.o [1]
HAL_NVIC_SetPriority     0x800'0ac1   0x3a  Code  Gb  stm32f4xx_hal_cortex.o [1]
HAL_NVIC_SetPriorityGrouping
                         0x800'0aa7   0x1a  Code  Gb  stm32f4xx_hal_cortex.o [1]
HAL_RCC_ClockConfig      0x800'090d  0x100  Code  Gb  stm32f4xx_hal_rcc.o [1]
HAL_RCC_OscConfig        0x800'0189  0x310  Code  Wk  stm32f4xx_hal_rcc.o [1]
HAL_SYSTICK_Config       0x800'0b11   0x28  Code  Gb  stm32f4xx_hal_cortex.o [1]
HardFault_Handler        0x800'0dc7    0x2  Code  Gb  stm32f4xx_it.o [1]
MX_GPIO_Init             0x800'080d   0xc4  Code  Gb  gpio.o [1]
MemManage_Handler        0x800'0dc9    0x2  Code  Gb  stm32f4xx_it.o [1]
NMI_Handler              0x800'0dc5    0x2  Code  Gb  stm32f4xx_it.o [1]
PendSV_Handler           0x800'0dd3    0x2  Code  Gb  stm32f4xx_it.o [1]
Region$$Table$$Base      0x800'0e28          --   Gb  - Linker created -
Region$$Table$$Limit     0x800'0e3c          --   Gb  - Linker created -
SVC_Handler              0x800'0dcf    0x2  Code  Gb  stm32f4xx_it.o [1]
SysTick_Handler          0x800'0dd5    0x4  Code  Gb  stm32f4xx_it.o [1]
SystemClock_Config       0x800'06f1   0x96  Code  Gb  main.o [1]
SystemCoreClock         0x2000'0058    0x4  Data  Gb  system_stm32f4xx.o [1]
SystemInit               0x800'0e3d    0xa  Code  Gb  system_stm32f4xx.o [1]
Time_STOP               0x2000'0000    0x1  Data  Gb  main.o [1]
UsageFault_Handler       0x800'0dcd    0x2  Code  Gb  stm32f4xx_it.o [1]
__NVIC_SetPriority       0x800'0a8d   0x1a  Code  Lc  stm32f4xx_hal_cortex.o [1]
__aeabi_ldiv0            0x800'0d65         Code  Gb  I64DivZer.o [3]
__aeabi_memset           0x800'0bc9         Code  Gb  ABImemset.o [3]
__cmain                  0x800'0e5d         Code  Gb  cmain.o [3]
__exit                   0x800'0e91   0x14  Code  Gb  exit.o [4]
__iar_Memset             0x800'0bc9         Code  Gb  ABImemset.o [3]
__iar_Memset_word        0x800'0bd1         Code  Gb  ABImemset.o [3]
__iar_copy_init3         0x800'0c2f   0x2e  Code  Gb  copy_init3.o [3]
__iar_data_init3         0x800'0e01   0x28  Code  Gb  data_init.o [3]
__iar_program_start      0x800'0eb5         Code  Gb  cstartup_M.o [3]
__iar_small_uldivmod     0x800'0c5d         Code  Gb  I64DivMod_small.o [3]
__low_level_init         0x800'0e7b    0x4  Code  Gb  low_level_init.o [2]
__vector_table           0x800'0000         Data  Gb  startup_stm32f405xx.o [1]
_call_main               0x800'0e69         Code  Gb  cmain.o [3]
_exit                    0x800'0e85         Code  Gb  cexit.o [3]
_main                    0x800'0e77         Code  Gb  cmain.o [3]
cnt                     0x2000'0001    0x1  Data  Gb  main.o [1]
exit                     0x800'0e7f    0x4  Code  Gb  exit.o [2]
main                     0x800'069d   0x42  Code  Gb  main.o [1]
memset                   0x800'08f9   0x14  Code  Gb  memset.o [3]
uwTick                  0x2000'0050    0x4  Data  Gb  stm32f4xx_hal.o [1]
uwTickFreq              0x2000'004c    0x1  Data  Gb  stm32f4xx_hal.o [1]
uwTickPrio              0x2000'0054    0x4  Data  Gb  stm32f4xx_hal.o [1]


[1] = D:\PKNU2020\StudyAVR\ARM\INT_FND\EWARM\INT_FND\Obj
[2] = dl7M_tln.a
[3] = rt7M_tl.a
[4] = shb_l.a

  3'970 bytes of readonly  code memory
    114 bytes of readonly  data memory
  1'116 bytes of readwrite data memory

Errors: none
Warnings: none
