###############################################################################
#
# IAR ELF Linker V8.50.4.261/W32 for ARM                  22/Jun/2020  17:28:28
# Copyright 2007-2020 IAR Systems AB.
#
#    Output file  =  D:\PKNU2020\StudyAVR\ARM\UART1\EWARM\UART1\Exe\UART1.out
#    Map file     =  D:\PKNU2020\StudyAVR\ARM\UART1\EWARM\UART1\List\UART1.map
#    Command line =
#        -f C:\Users\PKNU\AppData\Local\Temp\EW3E92.tmp
#        (D:\PKNU2020\StudyAVR\ARM\UART1\EWARM\UART1\Obj\gpio.o
#        D:\PKNU2020\StudyAVR\ARM\UART1\EWARM\UART1\Obj\main.o
#        D:\PKNU2020\StudyAVR\ARM\UART1\EWARM\UART1\Obj\startup_stm32f405xx.o
#        D:\PKNU2020\StudyAVR\ARM\UART1\EWARM\UART1\Obj\stm32f4xx_hal.o
#        D:\PKNU2020\StudyAVR\ARM\UART1\EWARM\UART1\Obj\stm32f4xx_hal_cortex.o
#        D:\PKNU2020\StudyAVR\ARM\UART1\EWARM\UART1\Obj\stm32f4xx_hal_dma.o
#        D:\PKNU2020\StudyAVR\ARM\UART1\EWARM\UART1\Obj\stm32f4xx_hal_dma_ex.o
#        D:\PKNU2020\StudyAVR\ARM\UART1\EWARM\UART1\Obj\stm32f4xx_hal_exti.o
#        D:\PKNU2020\StudyAVR\ARM\UART1\EWARM\UART1\Obj\stm32f4xx_hal_flash.o
#        D:\PKNU2020\StudyAVR\ARM\UART1\EWARM\UART1\Obj\stm32f4xx_hal_flash_ex.o
#        D:\PKNU2020\StudyAVR\ARM\UART1\EWARM\UART1\Obj\stm32f4xx_hal_flash_ramfunc.o
#        D:\PKNU2020\StudyAVR\ARM\UART1\EWARM\UART1\Obj\stm32f4xx_hal_gpio.o
#        D:\PKNU2020\StudyAVR\ARM\UART1\EWARM\UART1\Obj\stm32f4xx_hal_msp.o
#        D:\PKNU2020\StudyAVR\ARM\UART1\EWARM\UART1\Obj\stm32f4xx_hal_pwr.o
#        D:\PKNU2020\StudyAVR\ARM\UART1\EWARM\UART1\Obj\stm32f4xx_hal_pwr_ex.o
#        D:\PKNU2020\StudyAVR\ARM\UART1\EWARM\UART1\Obj\stm32f4xx_hal_rcc.o
#        D:\PKNU2020\StudyAVR\ARM\UART1\EWARM\UART1\Obj\stm32f4xx_hal_rcc_ex.o
#        D:\PKNU2020\StudyAVR\ARM\UART1\EWARM\UART1\Obj\stm32f4xx_hal_tim.o
#        D:\PKNU2020\StudyAVR\ARM\UART1\EWARM\UART1\Obj\stm32f4xx_hal_tim_ex.o
#        D:\PKNU2020\StudyAVR\ARM\UART1\EWARM\UART1\Obj\stm32f4xx_hal_uart.o
#        D:\PKNU2020\StudyAVR\ARM\UART1\EWARM\UART1\Obj\stm32f4xx_it.o
#        D:\PKNU2020\StudyAVR\ARM\UART1\EWARM\UART1\Obj\system_stm32f4xx.o
#        D:\PKNU2020\StudyAVR\ARM\UART1\EWARM\UART1\Obj\usart.o --redirect
#        _Printf=_PrintfFull --redirect _Scanf=_ScanfFull --no_out_extension -o
#        D:\PKNU2020\StudyAVR\ARM\UART1\EWARM\UART1\Exe\UART1.out --map
#        D:\PKNU2020\StudyAVR\ARM\UART1\EWARM\UART1\List\UART1.map --config
#        D:\PKNU2020\StudyAVR\ARM\UART1\EWARM/stm32f405xx_flash.icf
#        --semihosting --entry __iar_program_start --vfe --text_out locale)
#
###############################################################################

*******************************************************************************
*** RUNTIME MODEL ATTRIBUTES
***

CppFlavor       = *
__SystemLibrary = DLib
__dlib_version  = 6


*******************************************************************************
*** HEAP SELECTION
***

The basic heap was selected because some modules are built with
size limitations (and not runtime checking), and --advanced_heap
was not specified.


*******************************************************************************
*** PLACEMENT SUMMARY
***

"A0":  place at address 0x800'0000 { ro section .intvec };
"P1":  place in [from 0x800'0000 to 0x80f'ffff] { ro };
define block CSTACK with size = 1K, alignment = 8 { };
define block HEAP with size = 512, alignment = 8 { };
"P2":  place in [from 0x2000'0000 to 0x2001'ffff] {
          rw, block CSTACK, block HEAP };
initialize by copy { rw };

  Section            Kind         Address    Size  Object
  -------            ----         -------    ----  ------
"A0":                                       0x188
  .intvec            ro code   0x800'0000   0x188  startup_stm32f405xx.o [1]
                             - 0x800'0188   0x188

"P1":                                      0x113d
  .text              ro code   0x800'0188   0x320  stm32f4xx_hal_uart.o [1]
  .text              ro code   0x800'04a8    0xa4  usart.o [1]
  .text              ro code   0x800'054c     0xc  stm32f4xx_hal.o [1]
  .text              ro code   0x800'0558   0x1ac  stm32f4xx_hal_rcc.o [1]
  .text              ro code   0x800'0704   0x106  I64DivMod_small.o [3]
  .text              ro code   0x800'080c   0x140  main.o [1]
  .text              ro code   0x800'094c    0x14  memset.o [3]
  .text              ro code   0x800'0960   0x1dc  stm32f4xx_hal_gpio.o [1]
  .text              ro code   0x800'0b3c    0x40  stm32f4xx_hal.o [1]
  .text              ro code   0x800'0b7c     0x2  I64DivZer.o [3]
  .text              ro code   0x800'0b80    0x18  ABImemcpy_small.o [3]
  .text              ro code   0x800'0b98    0x34  stm32f4xx_hal.o [1]
  .text              ro code   0x800'0bcc    0x38  gpio.o [1]
  .text              ro code   0x800'0c04   0x310  stm32f4xx_hal_rcc.o [1]
  .text              ro code   0x800'0f14    0x66  ABImemset.o [3]
  .text              ro code   0x800'0f7c    0xac  stm32f4xx_hal_cortex.o [1]
  .text              ro code   0x800'1028    0x38  stm32f4xx_hal_msp.o [1]
  .text              ro code   0x800'1060    0x38  packbits_init_single.o [3]
  .text              ro code   0x800'1098    0x28  data_init.o [3]
  .iar.init_table    const     0x800'10c0    0x10  - Linker created -
  .text              ro code   0x800'10d0    0x20  system_stm32f4xx.o [1]
  .text              ro code   0x800'10f0    0x1e  cmain.o [3]
  .text              ro code   0x800'110e     0x4  low_level_init.o [2]
  .text              ro code   0x800'1112     0x4  exit.o [2]
  .text              ro code   0x800'1118     0xa  cexit.o [3]
  .text              ro code   0x800'1124    0x14  exit.o [4]
  .text              ro code   0x800'1138    0x14  stm32f4xx_it.o [1]
  .text              ro code   0x800'114c    0x10  stm32f4xx_hal.o [1]
  .text              ro code   0x800'115c    0x10  startup_stm32f405xx.o [1]
  .text              ro code   0x800'116c     0xc  cstartup_M.o [3]
  .rodata            const     0x800'1178     0x8  system_stm32f4xx.o [1]
  .text              ro code   0x800'1180     0x4  startup_stm32f405xx.o [1]
  .text              ro code   0x800'1184     0x4  startup_stm32f405xx.o [1]
  .text              ro code   0x800'1188     0x4  startup_stm32f405xx.o [1]
  .text              ro code   0x800'118c     0x4  startup_stm32f405xx.o [1]
  .text              ro code   0x800'1190     0x4  startup_stm32f405xx.o [1]
  .text              ro code   0x800'1194     0x4  startup_stm32f405xx.o [1]
  .text              ro code   0x800'1198     0x4  startup_stm32f405xx.o [1]
  .text              ro code   0x800'119c     0x4  startup_stm32f405xx.o [1]
  .text              ro code   0x800'11a0     0x4  startup_stm32f405xx.o [1]
  .text              ro code   0x800'11a4     0x4  startup_stm32f405xx.o [1]
  .text              ro code   0x800'11a8     0x4  startup_stm32f405xx.o [1]
  .text              ro code   0x800'11ac     0x4  startup_stm32f405xx.o [1]
  .text              ro code   0x800'11b0     0x4  startup_stm32f405xx.o [1]
  .text              ro code   0x800'11b4     0x4  startup_stm32f405xx.o [1]
  .text              ro code   0x800'11b8     0x4  startup_stm32f405xx.o [1]
  .text              ro code   0x800'11bc     0x4  startup_stm32f405xx.o [1]
  .text              ro code   0x800'11c0     0x4  startup_stm32f405xx.o [1]
  .text              ro code   0x800'11c4     0x4  startup_stm32f405xx.o [1]
  .text              ro code   0x800'11c8     0x4  startup_stm32f405xx.o [1]
  .text              ro code   0x800'11cc     0x4  startup_stm32f405xx.o [1]
  .text              ro code   0x800'11d0     0x4  startup_stm32f405xx.o [1]
  .text              ro code   0x800'11d4     0x4  startup_stm32f405xx.o [1]
  .text              ro code   0x800'11d8     0x4  startup_stm32f405xx.o [1]
  .text              ro code   0x800'11dc     0x4  startup_stm32f405xx.o [1]
  .text              ro code   0x800'11e0     0x4  startup_stm32f405xx.o [1]
  .text              ro code   0x800'11e4     0x4  startup_stm32f405xx.o [1]
  .text              ro code   0x800'11e8     0x4  startup_stm32f405xx.o [1]
  .text              ro code   0x800'11ec     0x4  startup_stm32f405xx.o [1]
  .text              ro code   0x800'11f0     0x4  startup_stm32f405xx.o [1]
  .text              ro code   0x800'11f4     0x4  startup_stm32f405xx.o [1]
  .text              ro code   0x800'11f8     0x4  startup_stm32f405xx.o [1]
  .text              ro code   0x800'11fc     0x4  startup_stm32f405xx.o [1]
  .text              ro code   0x800'1200     0x4  startup_stm32f405xx.o [1]
  .text              ro code   0x800'1204     0x4  startup_stm32f405xx.o [1]
  .text              ro code   0x800'1208     0x4  startup_stm32f405xx.o [1]
  .text              ro code   0x800'120c     0x4  startup_stm32f405xx.o [1]
  .text              ro code   0x800'1210     0x4  startup_stm32f405xx.o [1]
  .text              ro code   0x800'1214     0x4  startup_stm32f405xx.o [1]
  .text              ro code   0x800'1218     0x4  startup_stm32f405xx.o [1]
  .text              ro code   0x800'121c     0x4  startup_stm32f405xx.o [1]
  .text              ro code   0x800'1220     0x4  startup_stm32f405xx.o [1]
  .text              ro code   0x800'1224     0x4  startup_stm32f405xx.o [1]
  .text              ro code   0x800'1228     0x4  startup_stm32f405xx.o [1]
  .text              ro code   0x800'122c     0x4  startup_stm32f405xx.o [1]
  .text              ro code   0x800'1230     0x4  startup_stm32f405xx.o [1]
  .text              ro code   0x800'1234     0x4  startup_stm32f405xx.o [1]
  .text              ro code   0x800'1238     0x4  startup_stm32f405xx.o [1]
  .text              ro code   0x800'123c     0x4  startup_stm32f405xx.o [1]
  .text              ro code   0x800'1240     0x4  startup_stm32f405xx.o [1]
  .text              ro code   0x800'1244     0x4  startup_stm32f405xx.o [1]
  .text              ro code   0x800'1248     0x4  startup_stm32f405xx.o [1]
  .text              ro code   0x800'124c     0x4  startup_stm32f405xx.o [1]
  .text              ro code   0x800'1250     0x4  startup_stm32f405xx.o [1]
  .text              ro code   0x800'1254     0x4  startup_stm32f405xx.o [1]
  .text              ro code   0x800'1258     0x4  startup_stm32f405xx.o [1]
  .text              ro code   0x800'125c     0x4  startup_stm32f405xx.o [1]
  .text              ro code   0x800'1260     0x4  startup_stm32f405xx.o [1]
  .text              ro code   0x800'1264     0x4  startup_stm32f405xx.o [1]
  .text              ro code   0x800'1268     0x4  startup_stm32f405xx.o [1]
  .text              ro code   0x800'126c     0x4  startup_stm32f405xx.o [1]
  .text              ro code   0x800'1270     0x4  startup_stm32f405xx.o [1]
  .text              ro code   0x800'1274     0x4  startup_stm32f405xx.o [1]
  .text              ro code   0x800'1278     0x4  startup_stm32f405xx.o [1]
  .text              ro code   0x800'127c     0x4  startup_stm32f405xx.o [1]
  .text              ro code   0x800'1280     0x4  startup_stm32f405xx.o [1]
  .text              ro code   0x800'1284     0x4  startup_stm32f405xx.o [1]
  .text              ro code   0x800'1288     0x4  startup_stm32f405xx.o [1]
  .text              ro code   0x800'128c     0x4  startup_stm32f405xx.o [1]
  .text              ro code   0x800'1290     0x4  startup_stm32f405xx.o [1]
  .text              ro code   0x800'1294     0x4  startup_stm32f405xx.o [1]
  .text              ro code   0x800'1298     0x4  startup_stm32f405xx.o [1]
  .text              ro code   0x800'129c     0x4  startup_stm32f405xx.o [1]
  .text              ro code   0x800'12a0     0x4  startup_stm32f405xx.o [1]
  .text              ro code   0x800'12a4     0x4  startup_stm32f405xx.o [1]
  .text              ro code   0x800'12a8     0x4  startup_stm32f405xx.o [1]
  .text              ro code   0x800'12ac     0x4  startup_stm32f405xx.o [1]
  .text              ro code   0x800'12b0     0x4  startup_stm32f405xx.o [1]
  .text              ro code   0x800'12b4     0x4  startup_stm32f405xx.o [1]
  .rodata            const     0x800'12b8     0x0  packbits_init_single.o [3]
  Initializer bytes  const     0x800'12b8     0xd  <for P2-1>
                             - 0x800'12c5  0x113d

"P2", part 1 of 2:                           0x50
  P2-1                        0x2000'0000    0x50  <Init block>
    .data            inited   0x2000'0000     0xc  stm32f4xx_hal.o [1]
    .data            inited   0x2000'000c     0x4  system_stm32f4xx.o [1]
    .bss             inited   0x2000'0010    0x40  usart.o [1]
                            - 0x2000'0050    0x50

"P2", part 2 of 2:                          0x400
  CSTACK                      0x2000'0050   0x400  <Block>
    CSTACK           uninit   0x2000'0050   0x400  <Block tail>
                            - 0x2000'0450   0x400

Unused ranges:

         From           To      Size
         ----           --      ----
   0x800'12c5   0x80f'ffff  0xf'ed3b
  0x2000'0450  0x2001'ffff  0x1'fbb0


*******************************************************************************
*** INIT TABLE
***

          Address      Size
          -------      ----
Copy/packbits (__iar_packbits_init_single3)
    1 source range, total size 0xd (16% of destination):
           0x800'12b8   0xd
    1 destination range, total size 0x50:
          0x2000'0000  0x50



*******************************************************************************
*** MODULE SUMMARY
***

    Module                  ro code  ro data  rw data
    ------                  -------  -------  -------
command line/config:
    -------------------------------------------------
    Total:

D:\PKNU2020\StudyAVR\ARM\UART1\EWARM\UART1\Obj: [1]
    gpio.o                       56
    main.o                      320
    startup_stm32f405xx.o       720
    stm32f4xx_hal.o             144        1       12
    stm32f4xx_hal_cortex.o      172
    stm32f4xx_hal_gpio.o        476
    stm32f4xx_hal_msp.o          56
    stm32f4xx_hal_rcc.o       1'212
    stm32f4xx_hal_uart.o        800
    stm32f4xx_it.o               20
    system_stm32f4xx.o           32        9        4
    usart.o                     164       11       64
    -------------------------------------------------
    Total:                    4'172       21       80

dl7M_tln.a: [2]
    exit.o                        4
    low_level_init.o              4
    -------------------------------------------------
    Total:                        8

rt7M_tl.a: [3]
    ABImemcpy_small.o            24
    ABImemset.o                 102
    I64DivMod_small.o           262
    I64DivZer.o                   2
    cexit.o                      10
    cmain.o                      30
    cstartup_M.o                 12
    data_init.o                  40
    memset.o                     20
    packbits_init_single.o       56
    -------------------------------------------------
    Total:                      558

shb_l.a: [4]
    exit.o                       20
    -------------------------------------------------
    Total:                       20

    Gaps                         10
    Linker created                        16    1'024
-----------------------------------------------------
    Grand Total:              4'768       37    1'104


*******************************************************************************
*** ENTRY LIST
***

Entry                       Address   Size  Type      Object
-----                       -------   ----  ----      ------
.iar.init_table$$Base    0x800'10c0          --   Gb  - Linker created -
.iar.init_table$$Limit   0x800'10d0          --   Gb  - Linker created -
?main                    0x800'10f1         Code  Gb  cmain.o [3]
AHBPrescTable            0x800'10e0   0x10  Data  Gb  system_stm32f4xx.o [1]
APBPrescTable            0x800'1178    0x8  Data  Gb  system_stm32f4xx.o [1]
BusFault_Handler         0x800'113f    0x2  Code  Gb  stm32f4xx_it.o [1]
CSTACK$$Base            0x2000'0050          --   Gb  - Linker created -
CSTACK$$Limit           0x2000'0450          --   Gb  - Linker created -
DebugMon_Handler         0x800'1145    0x2  Code  Gb  stm32f4xx_it.o [1]
Error_Handler            0x800'0921    0x2  Code  Gb  main.o [1]
HAL_GPIO_Init            0x800'0961  0x1ae  Code  Gb  stm32f4xx_hal_gpio.o [1]
HAL_GetTick              0x800'054d    0xc  Code  Wk  stm32f4xx_hal.o [1]
HAL_IncTick              0x800'114d   0x10  Code  Wk  stm32f4xx_hal.o [1]
HAL_Init                 0x800'0b99   0x30  Code  Gb  stm32f4xx_hal.o [1]
HAL_InitTick             0x800'0b3d   0x40  Code  Wk  stm32f4xx_hal.o [1]
HAL_MspInit              0x800'1029   0x38  Code  Gb  stm32f4xx_hal_msp.o [1]
HAL_NVIC_SetPriority     0x800'0fb1   0x3a  Code  Gb  stm32f4xx_hal_cortex.o [1]
HAL_NVIC_SetPriorityGrouping
                         0x800'0f97   0x1a  Code  Gb  stm32f4xx_hal_cortex.o [1]
HAL_RCC_ClockConfig      0x800'0559  0x100  Code  Gb  stm32f4xx_hal_rcc.o [1]
HAL_RCC_GetPCLK1Freq     0x800'0665   0x10  Code  Gb  stm32f4xx_hal_rcc.o [1]
HAL_RCC_GetPCLK2Freq     0x800'0675    0xe  Code  Gb  stm32f4xx_hal_rcc.o [1]
HAL_RCC_OscConfig        0x800'0c05  0x310  Code  Wk  stm32f4xx_hal_rcc.o [1]
HAL_SYSTICK_Config       0x800'0feb   0x28  Code  Gb  stm32f4xx_hal_cortex.o [1]
HAL_UART_Init            0x800'0189   0x1e  Code  Gb  stm32f4xx_hal_uart.o [1]
HAL_UART_MspInit         0x800'04d7   0x66  Code  Gb  usart.o [1]
HAL_UART_Receive         0x800'02a9   0xae  Code  Gb  stm32f4xx_hal_uart.o [1]
HAL_UART_Transmit        0x800'01ff   0xaa  Code  Gb  stm32f4xx_hal_uart.o [1]
HardFault_Handler        0x800'113b    0x2  Code  Gb  stm32f4xx_it.o [1]
MX_GPIO_Init             0x800'0bcd   0x38  Code  Gb  gpio.o [1]
MX_USART1_UART_Init      0x800'04a9   0x2e  Code  Gb  usart.o [1]
MemManage_Handler        0x800'113d    0x2  Code  Gb  stm32f4xx_it.o [1]
NMI_Handler              0x800'1139    0x2  Code  Gb  stm32f4xx_it.o [1]
PendSV_Handler           0x800'1147    0x2  Code  Gb  stm32f4xx_it.o [1]
Region$$Table$$Base      0x800'10c0          --   Gb  - Linker created -
Region$$Table$$Limit     0x800'10d0          --   Gb  - Linker created -
SVC_Handler              0x800'1143    0x2  Code  Gb  stm32f4xx_it.o [1]
SysTick_Handler          0x800'1149    0x4  Code  Gb  stm32f4xx_it.o [1]
SystemClock_Config       0x800'087f   0x96  Code  Gb  main.o [1]
SystemCoreClock         0x2000'000c    0x4  Data  Gb  system_stm32f4xx.o [1]
SystemInit               0x800'10d1    0xa  Code  Gb  system_stm32f4xx.o [1]
UART_SetConfig           0x800'03c3   0xca  Code  Lc  stm32f4xx_hal_uart.o [1]
UART_WaitOnFlagUntilTimeout
                         0x800'035f   0x56  Code  Lc  stm32f4xx_hal_uart.o [1]
UsageFault_Handler       0x800'1141    0x2  Code  Gb  stm32f4xx_it.o [1]
__NVIC_SetPriority       0x800'0f7d   0x1a  Code  Lc  stm32f4xx_hal_cortex.o [1]
__aeabi_ldiv0            0x800'0b7d         Code  Gb  I64DivZer.o [3]
__aeabi_memset           0x800'0f15         Code  Gb  ABImemset.o [3]
__cmain                  0x800'10f1         Code  Gb  cmain.o [3]
__exit                   0x800'1125   0x14  Code  Gb  exit.o [4]
__iar_Memset             0x800'0f15         Code  Gb  ABImemset.o [3]
__iar_Memset_word        0x800'0f1d         Code  Gb  ABImemset.o [3]
__iar_data_init3         0x800'1099   0x28  Code  Gb  data_init.o [3]
__iar_packbits_init_single3
                         0x800'1061   0x38  Code  Gb  packbits_init_single.o [3]
__iar_program_start      0x800'116d         Code  Gb  cstartup_M.o [3]
__iar_small_Memcpy       0x800'0b85         Code  Gb  ABImemcpy_small.o [3]
__iar_small_memcpy       0x800'0b81         Code  Gb  ABImemcpy_small.o [3]
__iar_small_memcpy4      0x800'0b81         Code  Gb  ABImemcpy_small.o [3]
__iar_small_memcpy8      0x800'0b81         Code  Gb  ABImemcpy_small.o [3]
__iar_small_uldivmod     0x800'0705         Code  Gb  I64DivMod_small.o [3]
__low_level_init         0x800'110f    0x4  Code  Gb  low_level_init.o [2]
__vector_table           0x800'0000         Data  Gb  startup_stm32f405xx.o [1]
_call_main               0x800'10fd         Code  Gb  cmain.o [3]
_exit                    0x800'1119         Code  Gb  cexit.o [3]
_main                    0x800'110b         Code  Gb  cmain.o [3]
exit                     0x800'1113    0x4  Code  Gb  exit.o [2]
huart1                  0x2000'0010   0x40  Data  Gb  usart.o [1]
main                     0x800'080d   0x72  Code  Gb  main.o [1]
memset                   0x800'094d   0x14  Code  Gb  memset.o [3]
uwTick                  0x2000'0004    0x4  Data  Gb  stm32f4xx_hal.o [1]
uwTickFreq              0x2000'0000    0x1  Data  Gb  stm32f4xx_hal.o [1]
uwTickPrio              0x2000'0008    0x4  Data  Gb  stm32f4xx_hal.o [1]


[1] = D:\PKNU2020\StudyAVR\ARM\UART1\EWARM\UART1\Obj
[2] = dl7M_tln.a
[3] = rt7M_tl.a
[4] = shb_l.a

  4'768 bytes of readonly  code memory
     37 bytes of readonly  data memory
  1'104 bytes of readwrite data memory

Errors: none
Warnings: none
